1. update email
2. array for display